// Jest Snapshot v1, https://goo.gl/fbAQLP

exports[`<App /> test suite should render correctly 1`] = `
<div>
  <div
    class="App"
  >
    <header
      class="App-header"
      role="banner"
    >
      <h1>
        Learning React Testing Library
      </h1>
    </header>
    <section>
      <div
        style="display: flex; flex-direction: column; align-items: center; justify-content: flex-start; width: 80%; height: 75px; margin: 0px auto; border: 1px solid #eb1010; background: rgb(205, 205, 205); padding: 20px 0px;"
      >
        <div>
          <select
            role="combobox"
          >
            <option
              value=""
            >
              Select a country
            </option>
            <option
              value="AT"
            >
              Austria
            </option>
            <option
              value="IE"
            >
              Ireland
            </option>
            <option
              value="US"
            >
              United States
            </option>
          </select>
          <p />
        </div>
      </div>
      <div
        style="display: flex; flex-direction: column; align-items: center; justify-content: flex-start; width: 80%; height: 75px; margin: 0px auto; border: 1px solid #3e32ac; background: rgb(235, 210, 210); padding: 20px 0px;"
      >
        <div>
          <h2>
            Checky
          </h2>
          <input
            id="checky2"
            type="checkbox"
          />
          <label
            for="checky2"
          >
            false
          </label>
        </div>
      </div>
    </section>
  </div>
</div>
`;
